[    2711ms] [WARNING] <meta name="apple-mobile-web-app-capable" content="yes"> is deprecated. Please include <meta name="mobile-web-app-capable" content="yes"> @ https://engy-up.vercel.app/:0
[    2977ms] [VERBOSE] [DOM] Input elements should have autocomplete attributes (suggested: "current-password"): (More info: https://goo.gl/9p2vKq) %o @ https://engy-up.vercel.app/:0
[    8981ms] [ERROR] Failed to load resource: the server responded with a status of 404 (Not Found) @ http://localhost:3000/src/components/player/CategorySortActivity.tsx?t=1780394329175:0
[    8981ms] [ERROR] Failed to load resource: the server responded with a status of 404 (Not Found) @ http://localhost:3000/src/components/player/ImageLabelActivity.tsx?t=1780394357787:0
[    8983ms] [ERROR] Failed to load resource: the server responded with a status of 404 (Not Found) @ http://localhost:3000/src/components/player/ReadingSequenceActivity.tsx?t=1780394329065:0
[    8985ms] [ERROR] Failed to load resource: the server responded with a status of 404 (Not Found) @ http://localhost:3000/src/components/player/DictationActivity.tsx?t=1780394120846:0
[    8986ms] [ERROR] Failed to load resource: the server responded with a status of 404 (Not Found) @ http://localhost:3000/src/components/player/ConversationSimActivity.tsx?t=1780394517337:0
[    8988ms] [ERROR] Failed to load resource: the server responded with a status of 404 (Not Found) @ http://localhost:3000/src/components/player/PictureDescriptionActivity.tsx?t=1780394329118:0
[    9025ms] [WARNING] <meta name="apple-mobile-web-app-capable" content="yes"> is deprecated. Please include <meta name="mobile-web-app-capable" content="yes"> @ http://localhost:3000/learn/b9f1e5d7-6c4a-4ab8-a9a9-79885a5c669d/b3177a30-e3fa-47aa-976f-bdd1abd3d230:0
[    9044ms] [ERROR] Failed to load resource: the server responded with a status of 404 (Not Found) @ http://localhost:3000/favicon.ico:0
[  117488ms] [ERROR] Failed to load resource: the server responded with a status of 404 (Not Found) @ http://localhost:3000/src/components/player/FlashcardActivity.tsx?t=1780394990738:0
[  117489ms] [ERROR] Failed to load resource: the server responded with a status of 404 (Not Found) @ http://localhost:3000/src/components/player/McqActivity.tsx?t=1780394990873:0
[  117493ms] [WARNING] <meta name="apple-mobile-web-app-capable" content="yes"> is deprecated. Please include <meta name="mobile-web-app-capable" content="yes"> @ http://localhost:3000/learn/b9f1e5d7-6c4a-4ab8-a9a9-79885a5c669d/b3177a30-e3fa-47aa-976f-bdd1abd3d230:0
[  117629ms] [ERROR] Failed to load resource: the server responded with a status of 404 (Not Found) @ http://localhost:3000/src/components/player/WordOrderActivity.tsx?t=1780394991108:0
[  117631ms] [ERROR] Failed to load resource: the server responded with a status of 404 (Not Found) @ http://localhost:3000/src/components/player/MatchPairsActivity.tsx?t=1780394990849:0
[  117632ms] [ERROR] Failed to load resource: the server responded with a status of 404 (Not Found) @ http://localhost:3000/src/components/player/GapFillActivity.tsx?t=1780394990769:0
[  117804ms] [ERROR] Failed to load resource: the server responded with a status of 404 (Not Found) @ http://localhost:3000/src/components/player/ReadingPassageActivity.tsx?t=1780394990932:0
[  117810ms] [ERROR] Failed to load resource: the server responded with a status of 404 (Not Found) @ http://localhost:3000/src/components/player/CategorySortActivity.tsx?t=1780394990662:0
[  117816ms] [ERROR] Failed to load resource: the server responded with a status of 404 (Not Found) @ http://localhost:3000/src/components/player/TrueFalseActivity.tsx?t=1780394991020:0
[  117964ms] [ERROR] Failed to load resource: the server responded with a status of 404 (Not Found) @ http://localhost:3000/src/components/player/TransformSentenceActivity.tsx?t=1780394990986:0
[  117974ms] [ERROR] Failed to load resource: the server responded with a status of 404 (Not Found) @ http://localhost:3000/src/components/player/ImageLabelActivity.tsx?t=1780394990809:0
[  117980ms] [ERROR] Failed to load resource: the server responded with a status of 404 (Not Found) @ http://localhost:3000/src/components/player/DialogueReadActivity.tsx?t=1780394990703:0
[  117988ms] [ERROR] Failed to load resource: the server responded with a status of 404 (Not Found) @ http://localhost:3000/src/components/player/GuessingGameActivity.tsx?t=1780394990791:0
[  118059ms] [ERROR] Failed to load resource: the server responded with a status of 404 (Not Found) @ http://localhost:3000/src/components/player/ReadingSequenceActivity.tsx?t=1780394990948:0
[  118071ms] [ERROR] Failed to load resource: the server responded with a status of 404 (Not Found) @ http://localhost:3000/src/components/player/PronunciationPracticeActivity.tsx?t=1780394990912:0
[  118195ms] [ERROR] Failed to load resource: the server responded with a status of 404 (Not Found) @ http://localhost:3000/src/components/player/ListeningComprehensionActivity.tsx?t=1780394990831:0
[  118196ms] [ERROR] Failed to load resource: the server responded with a status of 404 (Not Found) @ http://localhost:3000/src/components/player/SpellingBeeActivity.tsx?t=1780394990968:0
[  118204ms] [ERROR] Failed to load resource: the server responded with a status of 404 (Not Found) @ http://localhost:3000/src/components/player/DictationActivity.tsx?t=1780394990711:0
[  118205ms] [ERROR] Failed to load resource: the server responded with a status of 404 (Not Found) @ http://localhost:3000/src/components/player/ConversationSimActivity.tsx?t=1780394990673:0
[  118305ms] [ERROR] Failed to load resource: the server responded with a status of 404 (Not Found) @ http://localhost:3000/src/components/player/PictureDescriptionActivity.tsx?t=1780394990887:0
